// Jest Snapshot v1, https://goo.gl/fbAQLP

exports[`Testing al cliente Es Daniel Ledezma 1`] = `
Object {
  "balance": 500,
  "nombre": "Daniel Ledezma2",
  "tipo": "Premium",
}
`;
